<<<<<<< HEAD
d:\unierasmus\2cuatri\cg\trabajo\build\engine.dir\debug\vc143.pdb
d:\unierasmus\2cuatri\cg\trabajo\build\engine.dir\debug\tinyxml2.obj
d:\unierasmus\2cuatri\cg\trabajo\build\engine.dir\debug\engine.obj
d:\unierasmus\2cuatri\cg\trabajo\build\cmakefiles\generate.stamp
d:\unierasmus\2cuatri\cg\trabajo\build\debug\engine.exe
d:\unierasmus\2cuatri\cg\trabajo\build\debug\engine.pdb
d:\unierasmus\2cuatri\cg\trabajo\build\engine.dir\debug\engine.ilk
d:\unierasmus\2cuatri\cg\trabajo\build\engine.dir\debug\engine.tlog\cl.command.1.tlog
d:\unierasmus\2cuatri\cg\trabajo\build\engine.dir\debug\engine.tlog\cl.items.tlog
d:\unierasmus\2cuatri\cg\trabajo\build\engine.dir\debug\engine.tlog\cl.read.1.tlog
d:\unierasmus\2cuatri\cg\trabajo\build\engine.dir\debug\engine.tlog\cl.write.1.tlog
d:\unierasmus\2cuatri\cg\trabajo\build\engine.dir\debug\engine.tlog\custombuild.command.1.tlog
d:\unierasmus\2cuatri\cg\trabajo\build\engine.dir\debug\engine.tlog\custombuild.read.1.tlog
d:\unierasmus\2cuatri\cg\trabajo\build\engine.dir\debug\engine.tlog\custombuild.write.1.tlog
d:\unierasmus\2cuatri\cg\trabajo\build\engine.dir\debug\engine.tlog\link.command.1.tlog
d:\unierasmus\2cuatri\cg\trabajo\build\engine.dir\debug\engine.tlog\link.read.1.tlog
d:\unierasmus\2cuatri\cg\trabajo\build\engine.dir\debug\engine.tlog\link.secondary.1.tlog
d:\unierasmus\2cuatri\cg\trabajo\build\engine.dir\debug\engine.tlog\link.write.1.tlog
=======
d:\unierasmus\2cuatri\cg\trabajo\build\engine.dir\debug\vc143.pdb
d:\unierasmus\2cuatri\cg\trabajo\build\engine.dir\debug\tinyxml2.obj
d:\unierasmus\2cuatri\cg\trabajo\build\engine.dir\debug\engine.obj
d:\unierasmus\2cuatri\cg\trabajo\build\cmakefiles\generate.stamp
d:\unierasmus\2cuatri\cg\trabajo\build\debug\engine.exe
d:\unierasmus\2cuatri\cg\trabajo\build\debug\engine.pdb
d:\unierasmus\2cuatri\cg\trabajo\build\engine.dir\debug\engine.ilk
d:\unierasmus\2cuatri\cg\trabajo\build\engine.dir\debug\engine.tlog\cl.command.1.tlog
d:\unierasmus\2cuatri\cg\trabajo\build\engine.dir\debug\engine.tlog\cl.items.tlog
d:\unierasmus\2cuatri\cg\trabajo\build\engine.dir\debug\engine.tlog\cl.read.1.tlog
d:\unierasmus\2cuatri\cg\trabajo\build\engine.dir\debug\engine.tlog\cl.write.1.tlog
d:\unierasmus\2cuatri\cg\trabajo\build\engine.dir\debug\engine.tlog\custombuild.command.1.tlog
d:\unierasmus\2cuatri\cg\trabajo\build\engine.dir\debug\engine.tlog\custombuild.read.1.tlog
d:\unierasmus\2cuatri\cg\trabajo\build\engine.dir\debug\engine.tlog\custombuild.write.1.tlog
d:\unierasmus\2cuatri\cg\trabajo\build\engine.dir\debug\engine.tlog\link.command.1.tlog
d:\unierasmus\2cuatri\cg\trabajo\build\engine.dir\debug\engine.tlog\link.read.1.tlog
d:\unierasmus\2cuatri\cg\trabajo\build\engine.dir\debug\engine.tlog\link.secondary.1.tlog
d:\unierasmus\2cuatri\cg\trabajo\build\engine.dir\debug\engine.tlog\link.write.1.tlog
>>>>>>> f18656c18b0d3b26c5d408b3ac48de1be8f7f153
