<<<<<<< HEAD
d:\unierasmus\2cuatri\cg\trabajo\build\generator.dir\debug\vc143.pdb
d:\unierasmus\2cuatri\cg\trabajo\build\generator.dir\debug\generator.obj
d:\unierasmus\2cuatri\cg\trabajo\build\cmakefiles\generate.stamp
d:\unierasmus\2cuatri\cg\trabajo\build\debug\generator.exe
d:\unierasmus\2cuatri\cg\trabajo\build\debug\generator.pdb
d:\unierasmus\2cuatri\cg\trabajo\build\generator.dir\debug\generator.ilk
d:\unierasmus\2cuatri\cg\trabajo\build\generator.dir\debug\generator.tlog\cl.command.1.tlog
d:\unierasmus\2cuatri\cg\trabajo\build\generator.dir\debug\generator.tlog\cl.items.tlog
d:\unierasmus\2cuatri\cg\trabajo\build\generator.dir\debug\generator.tlog\cl.read.1.tlog
d:\unierasmus\2cuatri\cg\trabajo\build\generator.dir\debug\generator.tlog\cl.write.1.tlog
d:\unierasmus\2cuatri\cg\trabajo\build\generator.dir\debug\generator.tlog\custombuild.command.1.tlog
d:\unierasmus\2cuatri\cg\trabajo\build\generator.dir\debug\generator.tlog\custombuild.read.1.tlog
d:\unierasmus\2cuatri\cg\trabajo\build\generator.dir\debug\generator.tlog\custombuild.write.1.tlog
d:\unierasmus\2cuatri\cg\trabajo\build\generator.dir\debug\generator.tlog\link.command.1.tlog
d:\unierasmus\2cuatri\cg\trabajo\build\generator.dir\debug\generator.tlog\link.read.1.tlog
d:\unierasmus\2cuatri\cg\trabajo\build\generator.dir\debug\generator.tlog\link.secondary.1.tlog
d:\unierasmus\2cuatri\cg\trabajo\build\generator.dir\debug\generator.tlog\link.write.1.tlog
=======
d:\unierasmus\2cuatri\cg\trabajo\build\generator.dir\debug\vc143.pdb
d:\unierasmus\2cuatri\cg\trabajo\build\generator.dir\debug\generator.obj
d:\unierasmus\2cuatri\cg\trabajo\build\cmakefiles\generate.stamp
d:\unierasmus\2cuatri\cg\trabajo\build\debug\generator.exe
d:\unierasmus\2cuatri\cg\trabajo\build\debug\generator.pdb
d:\unierasmus\2cuatri\cg\trabajo\build\generator.dir\debug\generator.ilk
d:\unierasmus\2cuatri\cg\trabajo\build\generator.dir\debug\generator.tlog\cl.command.1.tlog
d:\unierasmus\2cuatri\cg\trabajo\build\generator.dir\debug\generator.tlog\cl.items.tlog
d:\unierasmus\2cuatri\cg\trabajo\build\generator.dir\debug\generator.tlog\cl.read.1.tlog
d:\unierasmus\2cuatri\cg\trabajo\build\generator.dir\debug\generator.tlog\cl.write.1.tlog
d:\unierasmus\2cuatri\cg\trabajo\build\generator.dir\debug\generator.tlog\custombuild.command.1.tlog
d:\unierasmus\2cuatri\cg\trabajo\build\generator.dir\debug\generator.tlog\custombuild.read.1.tlog
d:\unierasmus\2cuatri\cg\trabajo\build\generator.dir\debug\generator.tlog\custombuild.write.1.tlog
d:\unierasmus\2cuatri\cg\trabajo\build\generator.dir\debug\generator.tlog\link.command.1.tlog
d:\unierasmus\2cuatri\cg\trabajo\build\generator.dir\debug\generator.tlog\link.read.1.tlog
d:\unierasmus\2cuatri\cg\trabajo\build\generator.dir\debug\generator.tlog\link.secondary.1.tlog
d:\unierasmus\2cuatri\cg\trabajo\build\generator.dir\debug\generator.tlog\link.write.1.tlog
>>>>>>> f18656c18b0d3b26c5d408b3ac48de1be8f7f153
